// Jest Snapshot v1, https://goo.gl/fbAQLP

exports[`use federated module test suite it loads remote data 1`] = `
<div>
  loading
</div>
`;
